---
source: tests/snapshot_tui.rs
expression: "format!(\"{buffer:#?}\")"
---
Buffer {
    area: Rect { x: 0, y: 0, width: 120, height: 30 },
    content: [
        "                                                                                                                        ",
        "                                                                                                                        ",
        "                                                                                                                        ",
        "                                                                                                                        ",
        "                                                                                                                        ",
        "                                                                                                                        ",
        "                                                                                                                        ",
        "                                                                                                                        ",
        "                                                                                                                        ",
        "                                                                                                                        ",
        "                                                                                                                        ",
        "                                  ╭Quitter la session ?──────────────────────────────╮                                  ",
        "                                  │                                                  │                                  ",
        "                                  │           La session sera interrompue.           │                                  ",
        "                                  │                                                  │                                  ",
        "                                  │      [o] retour au menu   [autre] continuer      │                                  ",
        "                                  │                                                  │                                  ",
        "                                  │                                                  │                                  ",
        "                                  ╰──────────────────────────────────────────────────╯                                  ",
        "                                                                                                                        ",
        "                                                                                                                        ",
        "                                                                                                                        ",
        "                                                                                                                        ",
        "                                                                                                                        ",
        "                                                                                                                        ",
        "                                                                                                                        ",
        "                                                                                                                        ",
        "                                                                                                                        ",
        "                                                                                                                        ",
        "                                                                                                                        ",
    ],
    styles: [
        x: 0, y: 0, fg: Reset, bg: Reset, underline: Reset, modifier: NONE,
        x: 34, y: 11, fg: Rgb(250, 179, 135), bg: Rgb(24, 24, 37), underline: Reset, modifier: NONE,
        x: 35, y: 11, fg: Rgb(137, 180, 250), bg: Rgb(24, 24, 37), underline: Reset, modifier: BOLD,
        x: 55, y: 11, fg: Rgb(250, 179, 135), bg: Rgb(24, 24, 37), underline: Reset, modifier: NONE,
        x: 86, y: 11, fg: Reset, bg: Reset, underline: Reset, modifier: NONE,
        x: 34, y: 12, fg: Rgb(250, 179, 135), bg: Rgb(24, 24, 37), underline: Reset, modifier: NONE,
        x: 35, y: 12, fg: Reset, bg: Rgb(24, 24, 37), underline: Reset, modifier: NONE,
        x: 85, y: 12, fg: Rgb(250, 179, 135), bg: Rgb(24, 24, 37), underline: Reset, modifier: NONE,
        x: 86, y: 12, fg: Reset, bg: Reset, underline: Reset, modifier: NONE,
        x: 34, y: 13, fg: Rgb(250, 179, 135), bg: Rgb(24, 24, 37), underline: Reset, modifier: NONE,
        x: 35, y: 13, fg: Reset, bg: Rgb(24, 24, 37), underline: Reset, modifier: NONE,
        x: 46, y: 13, fg: Rgb(147, 153, 178), bg: Rgb(24, 24, 37), underline: Reset, modifier: NONE,
        x: 74, y: 13, fg: Reset, bg: Rgb(24, 24, 37), underline: Reset, modifier: NONE,
        x: 85, y: 13, fg: Rgb(250, 179, 135), bg: Rgb(24, 24, 37), underline: Reset, modifier: NONE,
        x: 86, y: 13, fg: Reset, bg: Reset, underline: Reset, modifier: NONE,
        x: 34, y: 14, fg: Rgb(250, 179, 135), bg: Rgb(24, 24, 37), underline: Reset, modifier: NONE,
        x: 35, y: 14, fg: Reset, bg: Rgb(24, 24, 37), underline: Reset, modifier: NONE,
        x: 85, y: 14, fg: Rgb(250, 179, 135), bg: Rgb(24, 24, 37), underline: Reset, modifier: NONE,
        x: 86, y: 14, fg: Reset, bg: Reset, underline: Reset, modifier: NONE,
        x: 34, y: 15, fg: Rgb(250, 179, 135), bg: Rgb(24, 24, 37), underline: Reset, modifier: NONE,
        x: 35, y: 15, fg: Reset, bg: Rgb(24, 24, 37), underline: Reset, modifier: NONE,
        x: 41, y: 15, fg: Rgb(166, 227, 161), bg: Rgb(24, 24, 37), underline: Reset, modifier: BOLD,
        x: 45, y: 15, fg: Rgb(205, 214, 244), bg: Rgb(24, 24, 37), underline: Reset, modifier: NONE,
        x: 62, y: 15, fg: Rgb(243, 139, 168), bg: Rgb(24, 24, 37), underline: Reset, modifier: BOLD,
        x: 70, y: 15, fg: Rgb(205, 214, 244), bg: Rgb(24, 24, 37), underline: Reset, modifier: NONE,
        x: 79, y: 15, fg: Reset, bg: Rgb(24, 24, 37), underline: Reset, modifier: NONE,
        x: 85, y: 15, fg: Rgb(250, 179, 135), bg: Rgb(24, 24, 37), underline: Reset, modifier: NONE,
        x: 86, y: 15, fg: Reset, bg: Reset, underline: Reset, modifier: NONE,
        x: 34, y: 16, fg: Rgb(250, 179, 135), bg: Rgb(24, 24, 37), underline: Reset, modifier: NONE,
        x: 35, y: 16, fg: Reset, bg: Rgb(24, 24, 37), underline: Reset, modifier: NONE,
        x: 85, y: 16, fg: Rgb(250, 179, 135), bg: Rgb(24, 24, 37), underline: Reset, modifier: NONE,
        x: 86, y: 16, fg: Reset, bg: Reset, underline: Reset, modifier: NONE,
        x: 34, y: 17, fg: Rgb(250, 179, 135), bg: Rgb(24, 24, 37), underline: Reset, modifier: NONE,
        x: 35, y: 17, fg: Reset, bg: Rgb(24, 24, 37), underline: Reset, modifier: NONE,
        x: 85, y: 17, fg: Rgb(250, 179, 135), bg: Rgb(24, 24, 37), underline: Reset, modifier: NONE,
        x: 86, y: 17, fg: Reset, bg: Reset, underline: Reset, modifier: NONE,
        x: 34, y: 18, fg: Rgb(250, 179, 135), bg: Rgb(24, 24, 37), underline: Reset, modifier: NONE,
        x: 86, y: 18, fg: Reset, bg: Reset, underline: Reset, modifier: NONE,
    ]
}
