---
source: tests/snapshot_tui.rs
expression: "format!(\"{buffer:#?}\")"
---
Buffer {
    area: Rect { x: 0, y: 0, width: 120, height: 30 },
    content: [
        "Exercise: hello-01                                                                                            COMPLETE  ",
        "                                                                                                                        ",
        "clings · 1/1 · pointers · ★☆☆☆☆                                                                                         ",
        "                                                                                                                        ",
        "█████░░░░░ 2.5/5.0  —  stdout                                                                                           ",
        "────────────────────────────────────────────────────────────────────────────────────────────────────────────────────────",
        "                                                                                                                        ",
        "                                                                                                                        ",
        "                                                                                                                        ",
        "                        ╭Aide — raccourcis─────────────────────────────────────────────────────╮                        ",
        "                        │                                                                      │                        ",
        "                        │  [j] / [n]   Exercice suivant                                        │                        ",
        "                        │  [k]         Exercice précédent                                      │                        ",
        "                        │  [r]         Compiler et vérifier                                    │                        ",
        "                        │  [h]         Afficher l'indice                                       │                        ",
        "                        │  [v]         Visualiseur mémoire                                     │                        ",
        "                        │  [l]         Liste des exercices                                     │                        ",
        "                        │  [/]         Recherche fuzzy                                         │                        ",
        "                        │  [Tab]       Filtrer par sujet (en recherche)                        │                        ",
        "                        │  [←][→]      Étape visualiseur                                       │                        ",
        "                        │  [q]         Quitter                                                 │                        ",
        "                        │                                                                      │                        ",
        "                        │  [?]         Afficher cette aide                                     │                        ",
        "                        │                                                                      │                        ",
        "                        │  Appuyez sur n'importe quelle touche pour fermer                     │                        ",
        "                        ╰──────────────────────────────────────────────────────────────────────╯                        ",
        "                                                                                                                        ",
        "                                                                                                                        ",
        "                                                                                                                        ",
        "[Esc/?] fermer                                                                                                          ",
    ],
    styles: [
        x: 0, y: 0, fg: Reset, bg: Rgb(30, 30, 46), underline: Reset, modifier: BOLD,
        x: 18, y: 0, fg: Reset, bg: Rgb(30, 30, 46), underline: Reset, modifier: NONE,
        x: 109, y: 0, fg: Rgb(166, 227, 161), bg: Rgb(30, 45, 30), underline: Reset, modifier: BOLD,
        x: 119, y: 0, fg: Reset, bg: Rgb(30, 30, 46), underline: Reset, modifier: NONE,
        x: 0, y: 2, fg: Rgb(203, 166, 247), bg: Rgb(30, 30, 46), underline: Reset, modifier: BOLD,
        x: 6, y: 2, fg: Rgb(108, 112, 134), bg: Rgb(30, 30, 46), underline: Reset, modifier: NONE,
        x: 9, y: 2, fg: Rgb(166, 227, 161), bg: Rgb(30, 30, 46), underline: Reset, modifier: NONE,
        x: 12, y: 2, fg: Rgb(108, 112, 134), bg: Rgb(30, 30, 46), underline: Reset, modifier: NONE,
        x: 15, y: 2, fg: Rgb(186, 194, 222), bg: Rgb(30, 30, 46), underline: Reset, modifier: NONE,
        x: 23, y: 2, fg: Rgb(108, 112, 134), bg: Rgb(30, 30, 46), underline: Reset, modifier: NONE,
        x: 26, y: 2, fg: Rgb(166, 227, 161), bg: Rgb(30, 30, 46), underline: Reset, modifier: NONE,
        x: 31, y: 2, fg: Reset, bg: Rgb(30, 30, 46), underline: Reset, modifier: NONE,
        x: 0, y: 4, fg: Rgb(166, 227, 161), bg: Rgb(30, 30, 46), underline: Reset, modifier: NONE,
        x: 18, y: 4, fg: Rgb(108, 112, 134), bg: Rgb(30, 30, 46), underline: Reset, modifier: NONE,
        x: 29, y: 4, fg: Reset, bg: Rgb(30, 30, 46), underline: Reset, modifier: NONE,
        x: 0, y: 5, fg: Rgb(69, 71, 90), bg: Rgb(30, 30, 46), underline: Reset, modifier: NONE,
        x: 0, y: 6, fg: Reset, bg: Rgb(30, 30, 46), underline: Reset, modifier: NONE,
        x: 24, y: 9, fg: Rgb(69, 71, 90), bg: Rgb(24, 24, 37), underline: Reset, modifier: NONE,
        x: 25, y: 9, fg: Rgb(137, 180, 250), bg: Rgb(24, 24, 37), underline: Reset, modifier: BOLD,
        x: 42, y: 9, fg: Rgb(69, 71, 90), bg: Rgb(24, 24, 37), underline: Reset, modifier: NONE,
        x: 96, y: 9, fg: Reset, bg: Rgb(30, 30, 46), underline: Reset, modifier: NONE,
        x: 24, y: 10, fg: Rgb(69, 71, 90), bg: Rgb(24, 24, 37), underline: Reset, modifier: NONE,
        x: 25, y: 10, fg: Reset, bg: Rgb(24, 24, 37), underline: Reset, modifier: NONE,
        x: 95, y: 10, fg: Rgb(69, 71, 90), bg: Rgb(24, 24, 37), underline: Reset, modifier: NONE,
        x: 96, y: 10, fg: Reset, bg: Rgb(30, 30, 46), underline: Reset, modifier: NONE,
        x: 24, y: 11, fg: Rgb(69, 71, 90), bg: Rgb(24, 24, 37), underline: Reset, modifier: NONE,
        x: 25, y: 11, fg: Rgb(137, 180, 250), bg: Rgb(24, 24, 37), underline: Reset, modifier: BOLD,
        x: 37, y: 11, fg: Reset, bg: Rgb(24, 24, 37), underline: Reset, modifier: NONE,
        x: 39, y: 11, fg: Rgb(147, 153, 178), bg: Rgb(24, 24, 37), underline: Reset, modifier: NONE,
        x: 55, y: 11, fg: Reset, bg: Rgb(24, 24, 37), underline: Reset, modifier: NONE,
        x: 95, y: 11, fg: Rgb(69, 71, 90), bg: Rgb(24, 24, 37), underline: Reset, modifier: NONE,
        x: 96, y: 11, fg: Reset, bg: Rgb(30, 30, 46), underline: Reset, modifier: NONE,
        x: 24, y: 12, fg: Rgb(69, 71, 90), bg: Rgb(24, 24, 37), underline: Reset, modifier: NONE,
        x: 25, y: 12, fg: Rgb(137, 180, 250), bg: Rgb(24, 24, 37), underline: Reset, modifier: BOLD,
        x: 37, y: 12, fg: Reset, bg: Rgb(24, 24, 37), underline: Reset, modifier: NONE,
        x: 39, y: 12, fg: Rgb(147, 153, 178), bg: Rgb(24, 24, 37), underline: Reset, modifier: NONE,
        x: 57, y: 12, fg: Reset, bg: Rgb(24, 24, 37), underline: Reset, modifier: NONE,
        x: 95, y: 12, fg: Rgb(69, 71, 90), bg: Rgb(24, 24, 37), underline: Reset, modifier: NONE,
        x: 96, y: 12, fg: Reset, bg: Rgb(30, 30, 46), underline: Reset, modifier: NONE,
        x: 24, y: 13, fg: Rgb(69, 71, 90), bg: Rgb(24, 24, 37), underline: Reset, modifier: NONE,
        x: 25, y: 13, fg: Rgb(137, 180, 250), bg: Rgb(24, 24, 37), underline: Reset, modifier: BOLD,
        x: 37, y: 13, fg: Reset, bg: Rgb(24, 24, 37), underline: Reset, modifier: NONE,
        x: 39, y: 13, fg: Rgb(147, 153, 178), bg: Rgb(24, 24, 37), underline: Reset, modifier: NONE,
        x: 59, y: 13, fg: Reset, bg: Rgb(24, 24, 37), underline: Reset, modifier: NONE,
        x: 95, y: 13, fg: Rgb(69, 71, 90), bg: Rgb(24, 24, 37), underline: Reset, modifier: NONE,
        x: 96, y: 13, fg: Reset, bg: Rgb(30, 30, 46), underline: Reset, modifier: NONE,
        x: 24, y: 14, fg: Rgb(69, 71, 90), bg: Rgb(24, 24, 37), underline: Reset, modifier: NONE,
        x: 25, y: 14, fg: Rgb(137, 180, 250), bg: Rgb(24, 24, 37), underline: Reset, modifier: BOLD,
        x: 37, y: 14, fg: Reset, bg: Rgb(24, 24, 37), underline: Reset, modifier: NONE,
        x: 39, y: 14, fg: Rgb(147, 153, 178), bg: Rgb(24, 24, 37), underline: Reset, modifier: NONE,
        x: 56, y: 14, fg: Reset, bg: Rgb(24, 24, 37), underline: Reset, modifier: NONE,
        x: 95, y: 14, fg: Rgb(69, 71, 90), bg: Rgb(24, 24, 37), underline: Reset, modifier: NONE,
        x: 96, y: 14, fg: Reset, bg: Rgb(30, 30, 46), underline: Reset, modifier: NONE,
        x: 24, y: 15, fg: Rgb(69, 71, 90), bg: Rgb(24, 24, 37), underline: Reset, modifier: NONE,
        x: 25, y: 15, fg: Rgb(137, 180, 250), bg: Rgb(24, 24, 37), underline: Reset, modifier: BOLD,
        x: 37, y: 15, fg: Reset, bg: Rgb(24, 24, 37), underline: Reset, modifier: NONE,
        x: 39, y: 15, fg: Rgb(147, 153, 178), bg: Rgb(24, 24, 37), underline: Reset, modifier: NONE,
        x: 58, y: 15, fg: Reset, bg: Rgb(24, 24, 37), underline: Reset, modifier: NONE,
        x: 95, y: 15, fg: Rgb(69, 71, 90), bg: Rgb(24, 24, 37), underline: Reset, modifier: NONE,
        x: 96, y: 15, fg: Reset, bg: Rgb(30, 30, 46), underline: Reset, modifier: NONE,
        x: 24, y: 16, fg: Rgb(69, 71, 90), bg: Rgb(24, 24, 37), underline: Reset, modifier: NONE,
        x: 25, y: 16, fg: Rgb(137, 180, 250), bg: Rgb(24, 24, 37), underline: Reset, modifier: BOLD,
        x: 37, y: 16, fg: Reset, bg: Rgb(24, 24, 37), underline: Reset, modifier: NONE,
        x: 39, y: 16, fg: Rgb(147, 153, 178), bg: Rgb(24, 24, 37), underline: Reset, modifier: NONE,
        x: 58, y: 16, fg: Reset, bg: Rgb(24, 24, 37), underline: Reset, modifier: NONE,
        x: 95, y: 16, fg: Rgb(69, 71, 90), bg: Rgb(24, 24, 37), underline: Reset, modifier: NONE,
        x: 96, y: 16, fg: Reset, bg: Rgb(30, 30, 46), underline: Reset, modifier: NONE,
        x: 24, y: 17, fg: Rgb(69, 71, 90), bg: Rgb(24, 24, 37), underline: Reset, modifier: NONE,
        x: 25, y: 17, fg: Rgb(137, 180, 250), bg: Rgb(24, 24, 37), underline: Reset, modifier: BOLD,
        x: 37, y: 17, fg: Reset, bg: Rgb(24, 24, 37), underline: Reset, modifier: NONE,
        x: 39, y: 17, fg: Rgb(147, 153, 178), bg: Rgb(24, 24, 37), underline: Reset, modifier: NONE,
        x: 54, y: 17, fg: Reset, bg: Rgb(24, 24, 37), underline: Reset, modifier: NONE,
        x: 95, y: 17, fg: Rgb(69, 71, 90), bg: Rgb(24, 24, 37), underline: Reset, modifier: NONE,
        x: 96, y: 17, fg: Reset, bg: Rgb(30, 30, 46), underline: Reset, modifier: NONE,
        x: 24, y: 18, fg: Rgb(69, 71, 90), bg: Rgb(24, 24, 37), underline: Reset, modifier: NONE,
        x: 25, y: 18, fg: Rgb(137, 180, 250), bg: Rgb(24, 24, 37), underline: Reset, modifier: BOLD,
        x: 37, y: 18, fg: Reset, bg: Rgb(24, 24, 37), underline: Reset, modifier: NONE,
        x: 39, y: 18, fg: Rgb(147, 153, 178), bg: Rgb(24, 24, 37), underline: Reset, modifier: NONE,
        x: 71, y: 18, fg: Reset, bg: Rgb(24, 24, 37), underline: Reset, modifier: NONE,
        x: 95, y: 18, fg: Rgb(69, 71, 90), bg: Rgb(24, 24, 37), underline: Reset, modifier: NONE,
        x: 96, y: 18, fg: Reset, bg: Rgb(30, 30, 46), underline: Reset, modifier: NONE,
        x: 24, y: 19, fg: Rgb(69, 71, 90), bg: Rgb(24, 24, 37), underline: Reset, modifier: NONE,
        x: 25, y: 19, fg: Rgb(137, 180, 250), bg: Rgb(24, 24, 37), underline: Reset, modifier: BOLD,
        x: 37, y: 19, fg: Reset, bg: Rgb(24, 24, 37), underline: Reset, modifier: NONE,
        x: 39, y: 19, fg: Rgb(147, 153, 178), bg: Rgb(24, 24, 37), underline: Reset, modifier: NONE,
        x: 56, y: 19, fg: Reset, bg: Rgb(24, 24, 37), underline: Reset, modifier: NONE,
        x: 95, y: 19, fg: Rgb(69, 71, 90), bg: Rgb(24, 24, 37), underline: Reset, modifier: NONE,
        x: 96, y: 19, fg: Reset, bg: Rgb(30, 30, 46), underline: Reset, modifier: NONE,
        x: 24, y: 20, fg: Rgb(69, 71, 90), bg: Rgb(24, 24, 37), underline: Reset, modifier: NONE,
        x: 25, y: 20, fg: Rgb(137, 180, 250), bg: Rgb(24, 24, 37), underline: Reset, modifier: BOLD,
        x: 37, y: 20, fg: Reset, bg: Rgb(24, 24, 37), underline: Reset, modifier: NONE,
        x: 39, y: 20, fg: Rgb(147, 153, 178), bg: Rgb(24, 24, 37), underline: Reset, modifier: NONE,
        x: 46, y: 20, fg: Reset, bg: Rgb(24, 24, 37), underline: Reset, modifier: NONE,
        x: 95, y: 20, fg: Rgb(69, 71, 90), bg: Rgb(24, 24, 37), underline: Reset, modifier: NONE,
        x: 96, y: 20, fg: Reset, bg: Rgb(30, 30, 46), underline: Reset, modifier: NONE,
        x: 24, y: 21, fg: Rgb(69, 71, 90), bg: Rgb(24, 24, 37), underline: Reset, modifier: NONE,
        x: 25, y: 21, fg: Reset, bg: Rgb(24, 24, 37), underline: Reset, modifier: NONE,
        x: 95, y: 21, fg: Rgb(69, 71, 90), bg: Rgb(24, 24, 37), underline: Reset, modifier: NONE,
        x: 96, y: 21, fg: Reset, bg: Rgb(30, 30, 46), underline: Reset, modifier: NONE,
        x: 24, y: 22, fg: Rgb(69, 71, 90), bg: Rgb(24, 24, 37), underline: Reset, modifier: NONE,
        x: 25, y: 22, fg: Rgb(137, 180, 250), bg: Rgb(24, 24, 37), underline: Reset, modifier: BOLD,
        x: 37, y: 22, fg: Reset, bg: Rgb(24, 24, 37), underline: Reset, modifier: NONE,
        x: 39, y: 22, fg: Rgb(147, 153, 178), bg: Rgb(24, 24, 37), underline: Reset, modifier: NONE,
        x: 58, y: 22, fg: Reset, bg: Rgb(24, 24, 37), underline: Reset, modifier: NONE,
        x: 95, y: 22, fg: Rgb(69, 71, 90), bg: Rgb(24, 24, 37), underline: Reset, modifier: NONE,
        x: 96, y: 22, fg: Reset, bg: Rgb(30, 30, 46), underline: Reset, modifier: NONE,
        x: 24, y: 23, fg: Rgb(69, 71, 90), bg: Rgb(24, 24, 37), underline: Reset, modifier: NONE,
        x: 25, y: 23, fg: Reset, bg: Rgb(24, 24, 37), underline: Reset, modifier: NONE,
        x: 95, y: 23, fg: Rgb(69, 71, 90), bg: Rgb(24, 24, 37), underline: Reset, modifier: NONE,
        x: 96, y: 23, fg: Reset, bg: Rgb(30, 30, 46), underline: Reset, modifier: NONE,
        x: 24, y: 24, fg: Rgb(69, 71, 90), bg: Rgb(24, 24, 37), underline: Reset, modifier: NONE,
        x: 25, y: 24, fg: Rgb(147, 153, 178), bg: Rgb(24, 24, 37), underline: Reset, modifier: NONE,
        x: 74, y: 24, fg: Reset, bg: Rgb(24, 24, 37), underline: Reset, modifier: NONE,
        x: 95, y: 24, fg: Rgb(69, 71, 90), bg: Rgb(24, 24, 37), underline: Reset, modifier: NONE,
        x: 96, y: 24, fg: Reset, bg: Rgb(30, 30, 46), underline: Reset, modifier: NONE,
        x: 24, y: 25, fg: Rgb(69, 71, 90), bg: Rgb(24, 24, 37), underline: Reset, modifier: NONE,
        x: 96, y: 25, fg: Reset, bg: Rgb(30, 30, 46), underline: Reset, modifier: NONE,
        x: 0, y: 29, fg: Rgb(147, 153, 178), bg: Rgb(30, 30, 46), underline: Reset, modifier: NONE,
        x: 14, y: 29, fg: Reset, bg: Rgb(30, 30, 46), underline: Reset, modifier: NONE,
    ]
}
